# autogen id-lang.map
# NOTE: this file is created automatically after you create/refresh exProject.
# CAUTION: you may loose your modification in this file, if you want customize your language map,
#          please create your own language map file under ./.vimfiles*, and change the file name as id-lang.map
*~                    IGNORE
*.bak                 IGNORE
*.bk[0-9]             IGNORE
[sp].*                IGNORE
*/.deps/*             IGNORE
*/.svn/*              IGNORE
*.svn-base            IGNORE
.vimfiles*/*          IGNORE
quick_gen_project_*.* IGNORE
*.err                 IGNORE
*.exe                 IGNORE
*.lnk                 IGNORE
*.c    text
*.C    text
*.c++    text
*.cc    text
*.cp    text
*.cpp    text
*.cxx    text
*.h    text
*.H    text
*.h++    text
*.hh    text
*.hp    text
*.hpp    text
*.hxx    text
*.inl    text
*.ipp    text
*.cs    text
*.js    text
*.as    text
*.java    text
*.hlsl    text
*.vsh    text
*.psh    text
*.fx    text
*.fxh    text
*.cg    text
*.shd    text
*.glsl    text
*.py    text
*.pyw    text
*.pyx    text
*.pxd    text
*.lua    text
*.wlua    text
*.vim    text
*.uc    text
*.m    text
*.wiki    text
*.ini    text
*.cfg    text
*.mak    text
*.mk    text
*.Makefile    text
*.makefile    text
*.sh    text
*.SH    text
*.bsh    text
*.bash    text
*.ksh    text
*.zsh    text
*.bat    text
*.log    text
*.err    text
*.qrc    text
*.pro    text
*.pri    text
*.i    text
*.swg    text